Creating a project
$ django-admin startproject nombre_proyecto

The development server
$ python manage.py runserver
http://127.0.0.1:8000/

Crear app
$ python manage.py startapp polls

Incluir app en el setting.py

Crear modelo (polls/models.py)
$ python manage.py check (validamos los que no haya error en el modelo)

Hacer migraciones
$ python manage.py makemigrations polls

Crear tablas bbdd
$ python manage.py migrate

Escribir vistas en la app (polls/views.py) y su c칩digo url (/polls/urls.py) y luego incluirlas en el urls.py general del proyecto

Crear carpeta templates y static y a침adir la variable en el setting
STATICFILES_FINDERS = [
    'django.contrib.staticfiles.finders.FileSystemFinder',
    'django.contrib.staticfiles.finders.AppDirectoriesFinder',
    '/home/alberto/webvideos/media',
]

A침adir a las plantillas
{% load static %}
    <link href="{% static 'css/bootstrap.min.css' %}" rel="stylesheet" media="screen"> al principio
    
<script src="{% static 'js/bootstrap.min.js' %}"></script> 	al final

Creamos superusuario
$ python manage.py createsuperuser

A침adir app al sitio administrativo (polls/admin.py)
from video.models import Videos
admin.site.register(Video)

